<!DOCTYPE html><html><head><meta charset="utf-8"><title>Custom Site Name</title><meta name="author" content="Site Owner"></head><body><header><h1>Custom Site Name</h1></header><main><h2>Lorem Ipsum</h2><p>Lorem ipsum dolor sit amet, consectetur adipiscing elit.
Nunc et libero scelerisque orci congue porttitor maximus non augue.
Duis pellentesque aliquet neque sit amet volutpat.
Integer faucibus neque leo, pellentesque ullamcorper mauris luctus aliquam.
Proin ac dolor diam.
Duis finibus erat vitae felis iaculis mattis.
Donec eget porttitor ligula, vestibulum imperdiet enim.
Morbi finibus nunc non justo ornare lacinia.</p>
</main><footer><p>&copy; Site Owner</p></footer></body></html>